{
  "data":
    {
      "cirGuid": "qwerty",
      "cirId": 74,
      "turbineId":  44
    }
}